// Vitest Snapshot v1

exports[`empty 1`] = `
"root:
  type: root
  children:
  - type: list
    children:
    - type: listitem
      children: []
"
`;

exports[`multiple lists 1`] = `
"root:
  type: root
  children:
  - type: list
    children:
    - type: listitem
      children: []
    - type: listitem
      children: []
    - type: listitem
      children: []
"
`;

exports[`single list - correct 1`] = `
"root:
  type: root
  children:
  - type: list
    children:
    - type: listitem
      children: []
"
`;
